// Vitest Snapshot v1, https://vitest.dev/guide/snapshot.html

exports[`calculateOptimalPath > pins the substituted tree and totals — C67 1`] = `
{
  "craftsNeeded": 10092084,
  "remainingInventory": {
    "C10": 0,
    "C11": 0,
    "C23": 0,
    "E26": 0,
    "L4": 0,
    "R6": 0,
  },
  "totalQuantities": {
    "C10": 979823,
    "C11": 15492625,
    "C23": 7746313,
    "E26": 392697,
    "L4": 1234,
    "R6": 6311588,
  },
  "totalTime": "17926.2",
  "tree": [
    "C67 recipe qty=40 crafts=34 [C64+E26 x1 reptile]",
    "  C64 recipe qty=170 crafts=142 [C61+E26 x1 reptile]",
    "    C61 recipe qty=710 crafts=592 [C58+E26 x1 reptile]",
    "      C58 recipe qty=2960 crafts=2467 [C56+L4 x1 reptile]",
    "        C56 recipe qty=12335 crafts=10280 [C47+E9 x1 reptile]",
    "          C47 recipe qty=51400 crafts=42834 [C44+E9 x1 reptile]",
    "            C44 recipe qty=214170 crafts=178475 [C41+E9 x1 reptile]",
    "              C41 recipe qty=892375 crafts=743646 [C38+E9 x1 reptile]",
    "                C38 recipe qty=3718230 crafts=3098525 [C11+C35 x1 reptile]",
    "                  C11 inventory qty=15492625",
    "                  C35 recipe qty=6197050 crafts=3098525 [C11+C23 x2]",
    "                    C11 direct qty=15492625",
    "                    split:",
    "                      C23 inventory qty=7746312",
    "                      C23 direct qty=7746313",
    "                E9 recipe qty=1487292 crafts=619705 [R6+R54 x2 reptile]",
    "                  R6 inventory qty=3098525",
    "                  R54 recipe qty=1239410 crafts=516421 [R6+R9 x2 reptile]",
    "                    R6 inventory qty=2582105",
    "                    R9 recipe qty=1032842 crafts=430351 [U21+R6 x2 reptile]",
    "                      U21 recipe qty=860702 crafts=358626 [U9+R6 x2 reptile]",
    "                        U9 recipe qty=717252 crafts=298855 [C10+E26 x2 reptile]",
    "                          split:",
    "                            C10 inventory qty=979822",
    "                            C10 direct qty=514453",
    "                          split:",
    "                            E26 inventory qty=392697",
    "                            E26 direct qty=205013",
    "                        split:",
    "                          R6 inventory qty=630957",
    "                          R6 direct qty=1162173",
    "                      R6 direct qty=2151755",
    "              E9 recipe qty=356950 crafts=148730 [R6+R54 x2 reptile]",
    "                R6 direct qty=743650",
    "                R54 recipe qty=297460 crafts=123942 [R6+R9 x2 reptile]",
    "                  R6 direct qty=619710",
    "                  R9 recipe qty=247884 crafts=103285 [U21+R6 x2 reptile]",
    "                    U21 recipe qty=206570 crafts=86071 [U9+R6 x2 reptile]",
    "                      U9 recipe qty=172142 crafts=71726 [C10+E26 x2 reptile]",
    "                        C10 direct qty=358630",
    "                        E26 direct qty=143452",
    "                      R6 direct qty=430355",
    "                    R6 direct qty=516425",
    "            E9 recipe qty=85668 crafts=35695 [R6+R54 x2 reptile]",
    "              R6 direct qty=178475",
    "              R54 recipe qty=71390 crafts=29746 [R6+R9 x2 reptile]",
    "                R6 direct qty=148730",
    "                R9 recipe qty=59492 crafts=24789 [U21+R6 x2 reptile]",
    "                  U21 recipe qty=49578 crafts=20658 [U9+R6 x2 reptile]",
    "                    U9 recipe qty=41316 crafts=17215 [C10+E26 x2 reptile]",
    "                      C10 direct qty=86075",
    "                      E26 direct qty=34430",
    "                    R6 direct qty=103290",
    "                  R6 direct qty=123945",
    "          E9 recipe qty=20560 crafts=8567 [R6+R54 x2 reptile]",
    "            R6 direct qty=42835",
    "            R54 recipe qty=17134 crafts=7140 [R6+R9 x2 reptile]",
    "              R6 direct qty=35700",
    "              R9 recipe qty=14280 crafts=5950 [U21+R6 x2 reptile]",
    "                U21 recipe qty=11900 crafts=4959 [U9+R6 x2 reptile]",
    "                  U9 recipe qty=9918 crafts=4133 [C10+E26 x2 reptile]",
    "                    C10 direct qty=20665",
    "                    E26 direct qty=8266",
    "                  R6 direct qty=24795",
    "                R6 direct qty=29750",
    "        split:",
    "          L4 inventory qty=1233",
    "          L4 direct qty=1234",
    "      E26 direct qty=1184",
    "    E26 direct qty=284",
    "  E26 direct qty=68",
  ],
}
`;

exports[`calculateOptimalPath > pins the substituted tree and totals — R94 1`] = `
{
  "craftsNeeded": 1022601,
  "remainingInventory": {
    "C11": 0,
    "C23": 0,
    "L4": 0,
    "R59": 0,
    "U20": 0,
  },
  "totalQuantities": {
    "C11": 1889085,
    "C23": 252793,
    "L4": 13,
    "R59": 1383500,
    "U20": 303345,
  },
  "totalTime": "5044.32",
  "tree": [
    "R94 recipe qty=5 crafts=5 [R91+L4 x1 reptile]",
    "  R91 recipe qty=25 crafts=21 [R89+L4 x1 reptile]",
    "    R89 recipe qty=105 crafts=88 [R8+R86 x1 reptile]",
    "      R8 recipe qty=176 crafts=74 [U8+U20 x2 reptile]",
    "        U8 recipe qty=148 crafts=62 [C11+C35 x2 reptile]",
    "          C11 inventory qty=310",
    "          C35 recipe qty=124 crafts=62 [C11+C23 x2]",
    "            C11 inventory qty=310",
    "            C23 inventory qty=310",
    "        U20 inventory qty=370",
    "      R86 recipe qty=440 crafts=367 [R8+R83 x1 reptile]",
    "        R8 recipe qty=734 crafts=306 [U8+U20 x2 reptile]",
    "          U8 recipe qty=612 crafts=255 [C11+C35 x2 reptile]",
    "            C11 inventory qty=1275",
    "            C35 recipe qty=510 crafts=255 [C11+C23 x2]",
    "              C11 inventory qty=1275",
    "              C23 inventory qty=1275",
    "          U20 inventory qty=1530",
    "        R83 recipe qty=1835 crafts=1530 [R8+R80 x1 reptile]",
    "          R8 recipe qty=3060 crafts=1275 [U8+U20 x2 reptile]",
    "            U8 recipe qty=2550 crafts=1063 [C11+C35 x2 reptile]",
    "              C11 inventory qty=5315",
    "              C35 recipe qty=2126 crafts=1063 [C11+C23 x2]",
    "                C11 inventory qty=5315",
    "                C23 inventory qty=5315",
    "            U20 inventory qty=6375",
    "          R80 recipe qty=7650 crafts=6375 [R8+R77 x1 reptile]",
    "            R8 recipe qty=12750 crafts=5313 [U8+U20 x2 reptile]",
    "              U8 recipe qty=10626 crafts=4428 [C11+C35 x2 reptile]",
    "                C11 inventory qty=22140",
    "                C35 recipe qty=8856 crafts=4428 [C11+C23 x2]",
    "                  C11 inventory qty=22140",
    "                  C23 inventory qty=22140",
    "              U20 inventory qty=26565",
    "            R77 recipe qty=31875 crafts=26563 [R8+R74 x1 reptile]",
    "              R8 recipe qty=53126 crafts=22136 [U8+U20 x2 reptile]",
    "                U8 recipe qty=44272 crafts=18447 [C11+C35 x2 reptile]",
    "                  C11 inventory qty=92235",
    "                  C35 recipe qty=36894 crafts=18447 [C11+C23 x2]",
    "                    C11 inventory qty=92235",
    "                    C23 inventory qty=92235",
    "                U20 inventory qty=110680",
    "              R74 recipe qty=132815 crafts=110680 [R8+R68 x1 reptile]",
    "                R8 recipe qty=221360 crafts=92234 [U8+U20 x2 reptile]",
    "                  U8 recipe qty=184468 crafts=76862 [C11+C35 x2 reptile]",
    "                    C11 inventory qty=384310",
    "                    C35 recipe qty=153724 crafts=76862 [C11+C23 x2]",
    "                      C11 inventory qty=384310",
    "                      split:",
    "                        C23 inventory qty=131517",
    "                        C23 direct qty=252793",
    "                  split:",
    "                    U20 inventory qty=157825",
    "                    U20 direct qty=303345",
    "                R68 recipe qty=553400 crafts=553400 [C11+R59 x1]",
    "                  split:",
    "                    C11 inventory qty=877915",
    "                    C11 direct qty=1889085",
    "                  split:",
    "                    R59 inventory qty=1383500",
    "                    R59 direct qty=1383500",
    "    split:",
    "      L4 inventory qty=13",
    "      L4 direct qty=8",
    "  L4 direct qty=5",
  ],
}
`;

exports[`calculateOptimalPath > pins the substituted tree and totals — U57 1`] = `
{
  "craftsNeeded": 10287,
  "remainingInventory": {
    "C10": 0,
    "C11": 0,
    "E26": 0,
    "L4": 0,
    "R6": 0,
    "U38": 0,
  },
  "totalQuantities": {
    "C10": 343,
    "C11": 22338,
    "E26": 137,
    "L4": 5,
    "R6": 2178,
    "U38": 18250,
  },
  "totalTime": "16.6716",
  "tree": [
    "U57 recipe qty=12 crafts=10 [U54+L4 x1 reptile]",
    "  U54 recipe qty=50 crafts=42 [U53+E9 x1 reptile]",
    "    U53 recipe qty=210 crafts=175 [C11+U50 x1 reptile]",
    "      C11 inventory qty=875",
    "      U50 recipe qty=350 crafts=292 [U44+E9 x1 reptile]",
    "        U44 recipe qty=1460 crafts=1460 [C11+U41 x1]",
    "          C11 inventory qty=7300",
    "          U41 recipe qty=7300 crafts=7300 [C11+U38 x1]",
    "            split:",
    "              C11 inventory qty=14162",
    "              C11 direct qty=22338",
    "            split:",
    "              U38 inventory qty=18250",
    "              U38 direct qty=18250",
    "        E9 recipe qty=584 crafts=244 [R6+R54 x2 reptile]",
    "          R6 inventory qty=1220",
    "          R54 recipe qty=488 crafts=204 [R6+R9 x2 reptile]",
    "            split:",
    "              R6 inventory qty=957",
    "              R6 direct qty=63",
    "            R9 recipe qty=408 crafts=170 [U21+R6 x2 reptile]",
    "              U21 recipe qty=340 crafts=142 [U9+R6 x2 reptile]",
    "                U9 recipe qty=284 crafts=119 [C10+E26 x2 reptile]",
    "                  split:",
    "                    C10 inventory qty=342",
    "                    C10 direct qty=253",
    "                  split:",
    "                    E26 inventory qty=137",
    "                    E26 direct qty=101",
    "                R6 direct qty=710",
    "              R6 direct qty=850",
    "    E9 recipe qty=84 crafts=35 [R6+R54 x2 reptile]",
    "      R6 direct qty=175",
    "      R54 recipe qty=70 crafts=30 [R6+R9 x2 reptile]",
    "        R6 direct qty=150",
    "        R9 recipe qty=60 crafts=25 [U21+R6 x2 reptile]",
    "          U21 recipe qty=50 crafts=21 [U9+R6 x2 reptile]",
    "            U9 recipe qty=42 crafts=18 [C10+E26 x2 reptile]",
    "              C10 direct qty=90",
    "              E26 direct qty=36",
    "            R6 direct qty=105",
    "          R6 direct qty=125",
    "  split:",
    "    L4 inventory qty=5",
    "    L4 direct qty=5",
  ],
}
`;

exports[`calculateOptimalPath > restructures onto an alternative recipe for shards the default path does not use 1`] = `
{
  "consumed": {
    "C13": 1000,
    "C16": 1000,
    "C19": 1000,
  },
  "offPathOwned": [
    "C1",
    "C2",
    "C3",
    "C4",
    "C5",
    "C6",
    "C7",
    "C8",
    "C9",
    "C10",
    "C12",
    "C13",
    "C14",
    "C15",
    "C16",
    "C17",
    "C18",
    "C19",
    "C20",
    "C21",
  ],
  "plainTotalTime": "10088.6",
  "totalQuantities": {
    "C11": 3775170,
    "C23": 505585,
    "L4": 26,
    "R59": 2767000,
    "U20": 606690,
  },
  "totalTime": "10088.0",
}
`;

exports[`calculateOptimalPath — cycle case > pins the cycle tree with inventory applied — net-negative 1`] = `
{
  "craftsNeeded": 78,
  "totalQuantities": {
    "C11": 90,
    "C23": 45,
    "C4": 3,
  },
  "totalTime": "0.373485",
  "tree": [
    "C1 cycle qty=100 crafts=42 mult=1.20000",
    "  step C4 = C1+C1 x1",
    "  step C1 = C4+U8 x2 reptile",
    "  inputRecipe:",
    "    split:",
    "      C4 inventory qty=2",
    "      C4 direct qty=3",
    "  cycleInputs:",
    "    U8 recipe qty=42 crafts=18 [C11+C35 x2 reptile]",
    "      C11 inventory qty=90",
    "      C35 recipe qty=36 crafts=18 [C11+C23 x2]",
    "        C11 direct qty=90",
    "        split:",
    "          C23 inventory qty=45",
    "          C23 direct qty=45",
  ],
}
`;

exports[`calculateOptimalPath — cycle case > pins the cycle tree with inventory applied — net-positive 1`] = `
{
  "craftsNeeded": 588,
  "totalQuantities": {
    "C11": 840,
    "C23": 263,
    "C4": 3,
    "U20": 315,
  },
  "totalTime": "2.70098",
  "tree": [
    "C1 cycle qty=100 crafts=252 mult=1.20000",
    "  step C4 = C1+C2 x1",
    "  step C1 = C4+U8 x2 reptile",
    "  inputRecipe:",
    "    split:",
    "      C4 inventory qty=2",
    "      C4 direct qty=3",
    "  cycleInputs:",
    "    C2 recipe qty=252 crafts=126 [C11+U20 x2]",
    "      C11 inventory qty=630",
    "      split:",
    "        U20 inventory qty=315",
    "        U20 direct qty=315",
    "    U8 recipe qty=252 crafts=105 [C11+C35 x2 reptile]",
    "      split:",
    "        C11 inventory qty=210",
    "        C11 direct qty=315",
    "      C35 recipe qty=210 crafts=105 [C11+C23 x2]",
    "        C11 direct qty=525",
    "        split:",
    "          C23 inventory qty=262",
    "          C23 direct qty=263",
  ],
}
`;
